Archive member included because of file (symbol)

../../lib/c/libc.a(libc.o)    nweb23.o (exit)
../../lib/c/libc.a(str.o)     nweb23.o (str_size)
../../lib/c/libc.a(fibril.o)  ../../lib/c/libc.a(libc.o) (fibril_setup)
../../lib/c/libc.a(pcb.o)     ../../lib/c/libc.a(libc.o) (__pcb)
../../lib/c/libc.a(tls.o)     ../../lib/c/libc.a(fibril.o) (__make_tls)
../../lib/c/libc.a(task.o)    ../../lib/c/libc.a(libc.o) (task_retval)
../../lib/c/libc.a(futex.o)   ../../lib/c/libc.a(fibril.o) (futex_down)
../../lib/c/libc.a(asprintf.o)
                              nweb23.o (asprintf)
../../lib/c/libc.a(io.o)      ../../lib/c/libc.a(libc.o) (__stdio_init)
../../lib/c/libc.a(printf.o)  nweb23.o (fprintf)
../../lib/c/libc.a(klog.o)    ../../lib/c/libc.a(io.o) (klog_write)
../../lib/c/libc.a(vprintf.o)
                              ../../lib/c/libc.a(printf.o) (vfprintf)
../../lib/c/libc.a(vsnprintf.o)
                              ../../lib/c/libc.a(asprintf.o) (vsnprintf)
../../lib/c/libc.a(printf_core.o)
                              ../../lib/c/libc.a(asprintf.o) (printf_core)
../../lib/c/libc.a(ieee_double.o)
                              ../../lib/c/libc.a(printf_core.o) (extract_ieee_double)
../../lib/c/libc.a(double_to_str.o)
                              ../../lib/c/libc.a(printf_core.o) (double_to_short_str)
../../lib/c/libc.a(malloc.o)  ../../lib/c/libc.a(libc.o) (__malloc_init)
../../lib/c/libc.a(async.o)   ../../lib/c/libc.a(fibril.o) (async_create_manager)
../../lib/c/libc.a(loader.o)  ../../lib/c/libc.a(task.o) (loader_connect)
../../lib/c/libc.a(hash_table.o)
                              ../../lib/c/libc.a(async.o) (hash_table_create)
../../lib/c/libc.a(time.o)    ../../lib/c/libc.a(async.o) (tv_add)
../../lib/c/libc.a(vfs.o)     ../../lib/c/libc.a(loader.o) (vfs_exchange_begin)
../../lib/c/libc.a(canonify.o)
                              ../../lib/c/libc.a(vfs.o) (canonify)
../../lib/c/libc.a(socket_client.o)
                              nweb23.o (socket)
../../lib/c/libc.a(stack.o)   ../../lib/c/libc.a(fibril.o) (stack_size_get)
../../lib/c/libc.a(assert.o)  nweb23.o (assert_abort)
../../lib/c/libc.a(syscall.o)
                              /home/mt2012106/HelenOS/uspace/lib/c/arch/ia32/src/entry.o (__syscall_fast_func)
../../lib/c/libc.a(fibril.o)  ../../lib/c/libc.a(fibril.o) (context_save)
../../lib/c/libc.a(tls.o)     ../../lib/c/libc.a(tls.o) (__alloc_tls)
../../lib/c/libc.a(ddi.o)     ../../lib/c/libc.a(time.o) (physmem_map)
../../lib/c/libc.a(as.o)      ../../lib/c/libc.a(fibril.o) (as_area_create)
../../lib/c/libc.a(clock_dev.o)
                              ../../lib/c/libc.a(time.o) (clock_dev_time_get)
../../lib/c/libc.a(errno.o)   ../../lib/c/libc.a(io.o) (__errno)
../../lib/c/libc.a(loc.o)     ../../lib/c/libc.a(time.o) (loc_service_get_id)
../../lib/c/libc.a(mem.o)     ../../lib/c/libc.a(tls.o) (memset)
../../lib/c/libc.a(fibril_synch.o)
                              ../../lib/c/libc.a(async.o) (fibril_mutex_initialize)
../../lib/c/libc.a(snprintf.o)
                              ../../lib/c/libc.a(time.o) (snprintf)
../../lib/c/libc.a(power_of_ten.o)
                              ../../lib/c/libc.a(double_to_str.o) (get_power_of_ten)
../../lib/c/libc.a(sysinfo.o)
                              ../../lib/c/libc.a(time.o) (sysinfo_get_value)
../../lib/c/libc.a(ipc.o)     ../../lib/c/libc.a(async.o) (ipc_call_async_fast)
../../lib/c/libc.a(ns.o)      ../../lib/c/libc.a(loc.o) (service_connect)
../../lib/c/libc.a(dynamic_fifo.o)
                              ../../lib/c/libc.a(socket_client.o) (dyn_fifo_initialize)
../../lib/c/libc.a(stdlib.o)  ../../lib/c/libc.a(socket_client.o) (random)
../../lib/c/libc.a(stacktrace.o)
                              ../../lib/c/libc.a(fibril_synch.o) (stacktrace_print_fp_pc)
../../lib/c/libc.a(pio_trace.o)
                              ../../lib/c/libc.a(ddi.o) (pio_trace_log)
../../lib/c/libc.a(stacktrace.o)
                              ../../lib/c/libc.a(stacktrace.o) (stacktrace_fp_valid)
../../lib/c/libc.a(stacktrace_asm.o)
                              ../../lib/c/libc.a(stacktrace.o) (stacktrace_prepare)
../../lib/softint/libsoftint.a(division.o)
                              ../../lib/c/libc.a(str.o) (__udivdi3)

Allocating common symbols
Common symbol       size              file

tv                  0x8               nweb23.o
__pcb               0x4               ../../lib/c/libc.a(pcb.o)
session_ns          0x4               ../../lib/c/libc.a(async.o)

Discarded input sections

 .debug_line    0x00000000       0x52 /home/mt2012106/HelenOS/uspace/lib/c/arch/ia32/src/entry.o
 .debug_info    0x00000000       0x63 /home/mt2012106/HelenOS/uspace/lib/c/arch/ia32/src/entry.o
 .debug_abbrev  0x00000000       0x14 /home/mt2012106/HelenOS/uspace/lib/c/arch/ia32/src/entry.o
 .debug_aranges
                0x00000000       0x20 /home/mt2012106/HelenOS/uspace/lib/c/arch/ia32/src/entry.o
 .debug_info    0x00000000     0x2169 nweb23.o
 .debug_abbrev  0x00000000      0x32f nweb23.o
 .debug_loc     0x00000000      0xf0a nweb23.o
 .debug_aranges
                0x00000000       0x28 nweb23.o
 .debug_ranges  0x00000000      0x3a8 nweb23.o
 .debug_line    0x00000000      0x3f2 nweb23.o
 .debug_str     0x00000000      0x45f nweb23.o
 .comment       0x00000000       0x12 nweb23.o
 .note.GNU-stack
                0x00000000        0x0 nweb23.o
 .eh_frame      0x00000000       0x90 nweb23.o
 .debug_info    0x00000000      0x79b ../../lib/c/libc.a(libc.o)
 .debug_abbrev  0x00000000      0x21b ../../lib/c/libc.a(libc.o)
 .debug_loc     0x00000000      0x11a ../../lib/c/libc.a(libc.o)
 .debug_aranges
                0x00000000       0x20 ../../lib/c/libc.a(libc.o)
 .debug_line    0x00000000      0x1ad ../../lib/c/libc.a(libc.o)
 .debug_str     0x00000000      0x632 ../../lib/c/libc.a(libc.o)
 .comment       0x00000000       0x12 ../../lib/c/libc.a(libc.o)
 .note.GNU-stack
                0x00000000        0x0 ../../lib/c/libc.a(libc.o)
 .eh_frame      0x00000000       0x70 ../../lib/c/libc.a(libc.o)
 .debug_info    0x00000000     0x2e15 ../../lib/c/libc.a(str.o)
 .debug_abbrev  0x00000000      0x38c ../../lib/c/libc.a(str.o)
 .debug_loc     0x00000000     0x5d1d ../../lib/c/libc.a(str.o)
 .debug_aranges
                0x00000000       0x20 ../../lib/c/libc.a(str.o)
 .debug_ranges  0x00000000     0x16a8 ../../lib/c/libc.a(str.o)
 .debug_line    0x00000000      0xf67 ../../lib/c/libc.a(str.o)
 .debug_str     0x00000000      0x4c4 ../../lib/c/libc.a(str.o)
 .comment       0x00000000       0x12 ../../lib/c/libc.a(str.o)
 .note.GNU-stack
                0x00000000        0x0 ../../lib/c/libc.a(str.o)
 .eh_frame      0x00000000      0xa18 ../../lib/c/libc.a(str.o)
 .debug_info    0x00000000     0x1090 ../../lib/c/libc.a(fibril.o)
 .debug_abbrev  0x00000000      0x390 ../../lib/c/libc.a(fibril.o)
 .debug_loc     0x00000000      0x96f ../../lib/c/libc.a(fibril.o)
 .debug_aranges
                0x00000000       0x20 ../../lib/c/libc.a(fibril.o)
 .debug_ranges  0x00000000       0x90 ../../lib/c/libc.a(fibril.o)
 .debug_line    0x00000000      0x35b ../../lib/c/libc.a(fibril.o)
 .debug_str     0x00000000      0x855 ../../lib/c/libc.a(fibril.o)
 .comment       0x00000000       0x12 ../../lib/c/libc.a(fibril.o)
 .note.GNU-stack
                0x00000000        0x0 ../../lib/c/libc.a(fibril.o)
 .eh_frame      0x00000000      0x208 ../../lib/c/libc.a(fibril.o)
 .debug_info    0x00000000      0x10c ../../lib/c/libc.a(pcb.o)
 .debug_abbrev  0x00000000       0x86 ../../lib/c/libc.a(pcb.o)
 .debug_aranges
                0x00000000       0x18 ../../lib/c/libc.a(pcb.o)
 .debug_line    0x00000000       0x52 ../../lib/c/libc.a(pcb.o)
 .debug_str     0x00000000       0xf1 ../../lib/c/libc.a(pcb.o)
 .comment       0x00000000       0x12 ../../lib/c/libc.a(pcb.o)
 .note.GNU-stack
                0x00000000        0x0 ../../lib/c/libc.a(pcb.o)
 .debug_info    0x00000000      0x4d2 ../../lib/c/libc.a(tls.o)
 .debug_abbrev  0x00000000      0x1ae ../../lib/c/libc.a(tls.o)
 .debug_loc     0x00000000      0x1d3 ../../lib/c/libc.a(tls.o)
 .debug_aranges
                0x00000000       0x20 ../../lib/c/libc.a(tls.o)
 .debug_line    0x00000000      0x10a ../../lib/c/libc.a(tls.o)
 .debug_str     0x00000000      0x594 ../../lib/c/libc.a(tls.o)
 .comment       0x00000000       0x12 ../../lib/c/libc.a(tls.o)
 .note.GNU-stack
                0x00000000        0x0 ../../lib/c/libc.a(tls.o)
 .eh_frame      0x00000000       0xa8 ../../lib/c/libc.a(tls.o)
 .debug_info    0x00000000      0xe5b ../../lib/c/libc.a(task.o)
 .debug_abbrev  0x00000000      0x2e6 ../../lib/c/libc.a(task.o)
 .debug_loc     0x00000000      0x5d1 ../../lib/c/libc.a(task.o)
 .debug_aranges
                0x00000000       0x20 ../../lib/c/libc.a(task.o)
 .debug_ranges  0x00000000       0xa0 ../../lib/c/libc.a(task.o)
 .debug_line    0x00000000      0x2bc ../../lib/c/libc.a(task.o)
 .debug_str     0x00000000      0x766 ../../lib/c/libc.a(task.o)
 .comment       0x00000000       0x12 ../../lib/c/libc.a(task.o)
 .note.GNU-stack
                0x00000000        0x0 ../../lib/c/libc.a(task.o)
 .eh_frame      0x00000000      0x180 ../../lib/c/libc.a(task.o)
 .debug_info    0x00000000      0x4d2 ../../lib/c/libc.a(futex.o)
 .debug_abbrev  0x00000000      0x1b9 ../../lib/c/libc.a(futex.o)
 .debug_loc     0x00000000      0x18d ../../lib/c/libc.a(futex.o)
 .debug_aranges
                0x00000000       0x20 ../../lib/c/libc.a(futex.o)
 .debug_ranges  0x00000000       0xa0 ../../lib/c/libc.a(futex.o)
 .debug_line    0x00000000      0x135 ../../lib/c/libc.a(futex.o)
 .debug_str     0x00000000      0x542 ../../lib/c/libc.a(futex.o)
 .comment       0x00000000       0x12 ../../lib/c/libc.a(futex.o)
 .note.GNU-stack
                0x00000000        0x0 ../../lib/c/libc.a(futex.o)
 .eh_frame      0x00000000       0xa8 ../../lib/c/libc.a(futex.o)
 .debug_info    0x00000000      0x361 ../../lib/c/libc.a(asprintf.o)
 .debug_abbrev  0x00000000      0x167 ../../lib/c/libc.a(asprintf.o)
 .debug_loc     0x00000000      0x108 ../../lib/c/libc.a(asprintf.o)
 .debug_aranges
                0x00000000       0x20 ../../lib/c/libc.a(asprintf.o)
 .debug_line    0x00000000      0x102 ../../lib/c/libc.a(asprintf.o)
 .debug_str     0x00000000      0x18d ../../lib/c/libc.a(asprintf.o)
 .comment       0x00000000       0x12 ../../lib/c/libc.a(asprintf.o)
 .note.GNU-stack
                0x00000000        0x0 ../../lib/c/libc.a(asprintf.o)
 .eh_frame      0x00000000       0x88 ../../lib/c/libc.a(asprintf.o)
 .debug_info    0x00000000     0x38d4 ../../lib/c/libc.a(io.o)
 .debug_abbrev  0x00000000      0x46f ../../lib/c/libc.a(io.o)
 .debug_loc     0x00000000     0x2f68 ../../lib/c/libc.a(io.o)
 .debug_aranges
                0x00000000       0x20 ../../lib/c/libc.a(io.o)
 .debug_ranges  0x00000000     0x12f8 ../../lib/c/libc.a(io.o)
 .debug_line    0x00000000      0x98d ../../lib/c/libc.a(io.o)
 .debug_str     0x00000000      0x8b9 ../../lib/c/libc.a(io.o)
 .comment       0x00000000       0x12 ../../lib/c/libc.a(io.o)
 .note.GNU-stack
                0x00000000        0x0 ../../lib/c/libc.a(io.o)
 .eh_frame      0x00000000      0x580 ../../lib/c/libc.a(io.o)
 .debug_info    0x00000000      0x1ba ../../lib/c/libc.a(printf.o)
 .debug_abbrev  0x00000000       0xfe ../../lib/c/libc.a(printf.o)
 .debug_loc     0x00000000       0xc8 ../../lib/c/libc.a(printf.o)
 .debug_aranges
                0x00000000       0x20 ../../lib/c/libc.a(printf.o)
 .debug_line    0x00000000       0x79 ../../lib/c/libc.a(printf.o)
 .debug_str     0x00000000      0x110 ../../lib/c/libc.a(printf.o)
 .comment       0x00000000       0x12 ../../lib/c/libc.a(printf.o)
 .note.GNU-stack
                0x00000000        0x0 ../../lib/c/libc.a(printf.o)
 .eh_frame      0x00000000       0x58 ../../lib/c/libc.a(printf.o)
 .debug_info    0x00000000      0x7d5 ../../lib/c/libc.a(klog.o)
 .debug_abbrev  0x00000000      0x251 ../../lib/c/libc.a(klog.o)
 .debug_loc     0x00000000      0x296 ../../lib/c/libc.a(klog.o)
 .debug_aranges
                0x00000000       0x20 ../../lib/c/libc.a(klog.o)
 .debug_ranges  0x00000000       0x78 ../../lib/c/libc.a(klog.o)
 .debug_line    0x00000000      0x16d ../../lib/c/libc.a(klog.o)
 .debug_str     0x00000000      0x5e7 ../../lib/c/libc.a(klog.o)
 .comment       0x00000000       0x12 ../../lib/c/libc.a(klog.o)
 .note.GNU-stack
                0x00000000        0x0 ../../lib/c/libc.a(klog.o)
 .eh_frame      0x00000000      0x10c ../../lib/c/libc.a(klog.o)
 .debug_info    0x00000000      0x882 ../../lib/c/libc.a(vprintf.o)
 .debug_abbrev  0x00000000      0x24e ../../lib/c/libc.a(vprintf.o)
 .debug_loc     0x00000000      0x170 ../../lib/c/libc.a(vprintf.o)
 .debug_aranges
                0x00000000       0x20 ../../lib/c/libc.a(vprintf.o)
 .debug_line    0x00000000      0x198 ../../lib/c/libc.a(vprintf.o)
 .debug_str     0x00000000      0x672 ../../lib/c/libc.a(vprintf.o)
 .comment       0x00000000       0x12 ../../lib/c/libc.a(vprintf.o)
 .note.GNU-stack
                0x00000000        0x0 ../../lib/c/libc.a(vprintf.o)
 .eh_frame      0x00000000       0xac ../../lib/c/libc.a(vprintf.o)
 .debug_info    0x00000000      0x468 ../../lib/c/libc.a(vsnprintf.o)
 .debug_abbrev  0x00000000      0x1f6 ../../lib/c/libc.a(vsnprintf.o)
 .debug_loc     0x00000000      0x23a ../../lib/c/libc.a(vsnprintf.o)
 .debug_aranges
                0x00000000       0x20 ../../lib/c/libc.a(vsnprintf.o)
 .debug_ranges  0x00000000       0x20 ../../lib/c/libc.a(vsnprintf.o)
 .debug_line    0x00000000      0x12d ../../lib/c/libc.a(vsnprintf.o)
 .debug_str     0x00000000      0x18e ../../lib/c/libc.a(vsnprintf.o)
 .comment       0x00000000       0x12 ../../lib/c/libc.a(vsnprintf.o)
 .note.GNU-stack
                0x00000000        0x0 ../../lib/c/libc.a(vsnprintf.o)
 .eh_frame      0x00000000       0xbc ../../lib/c/libc.a(vsnprintf.o)
 .debug_info    0x00000000     0x3192 ../../lib/c/libc.a(printf_core.o)
 .debug_abbrev  0x00000000      0x36b ../../lib/c/libc.a(printf_core.o)
 .debug_loc     0x00000000     0x4155 ../../lib/c/libc.a(printf_core.o)
 .debug_aranges
                0x00000000       0x20 ../../lib/c/libc.a(printf_core.o)
 .debug_ranges  0x00000000      0xbd8 ../../lib/c/libc.a(printf_core.o)
 .debug_line    0x00000000      0x8a8 ../../lib/c/libc.a(printf_core.o)
 .debug_str     0x00000000      0x67b ../../lib/c/libc.a(printf_core.o)
 .comment       0x00000000       0x12 ../../lib/c/libc.a(printf_core.o)
 .note.GNU-stack
                0x00000000        0x0 ../../lib/c/libc.a(printf_core.o)
 .eh_frame      0x00000000      0x1a8 ../../lib/c/libc.a(printf_core.o)
 .debug_info    0x00000000      0x24b ../../lib/c/libc.a(ieee_double.o)
 .debug_abbrev  0x00000000      0x10a ../../lib/c/libc.a(ieee_double.o)
 .debug_loc     0x00000000      0x1e0 ../../lib/c/libc.a(ieee_double.o)
 .debug_aranges
                0x00000000       0x20 ../../lib/c/libc.a(ieee_double.o)
 .debug_line    0x00000000       0xd5 ../../lib/c/libc.a(ieee_double.o)
 .debug_str     0x00000000      0x20a ../../lib/c/libc.a(ieee_double.o)
 .comment       0x00000000       0x12 ../../lib/c/libc.a(ieee_double.o)
 .note.GNU-stack
                0x00000000        0x0 ../../lib/c/libc.a(ieee_double.o)
 .eh_frame      0x00000000       0x48 ../../lib/c/libc.a(ieee_double.o)
 .debug_info    0x00000000     0x1176 ../../lib/c/libc.a(double_to_str.o)
 .debug_abbrev  0x00000000      0x296 ../../lib/c/libc.a(double_to_str.o)
 .debug_loc     0x00000000     0x2b1c ../../lib/c/libc.a(double_to_str.o)
 .debug_aranges
                0x00000000       0x28 ../../lib/c/libc.a(double_to_str.o)
 .debug_ranges  0x00000000      0x588 ../../lib/c/libc.a(double_to_str.o)
 .debug_line    0x00000000      0x569 ../../lib/c/libc.a(double_to_str.o)
 .debug_str     0x00000000      0x404 ../../lib/c/libc.a(double_to_str.o)
 .comment       0x00000000       0x12 ../../lib/c/libc.a(double_to_str.o)
 .note.GNU-stack
                0x00000000        0x0 ../../lib/c/libc.a(double_to_str.o)
 .eh_frame      0x00000000       0xf4 ../../lib/c/libc.a(double_to_str.o)
 .debug_info    0x00000000     0x25a8 ../../lib/c/libc.a(malloc.o)
 .debug_abbrev  0x00000000      0x39b ../../lib/c/libc.a(malloc.o)
 .debug_loc     0x00000000     0x2b6f ../../lib/c/libc.a(malloc.o)
 .debug_aranges
                0x00000000       0x28 ../../lib/c/libc.a(malloc.o)
 .debug_ranges  0x00000000      0x860 ../../lib/c/libc.a(malloc.o)
 .debug_line    0x00000000      0x64f ../../lib/c/libc.a(malloc.o)
 .debug_str     0x00000000      0x3d5 ../../lib/c/libc.a(malloc.o)
 .comment       0x00000000       0x12 ../../lib/c/libc.a(malloc.o)
 .note.GNU-stack
                0x00000000        0x0 ../../lib/c/libc.a(malloc.o)
 .eh_frame      0x00000000      0x264 ../../lib/c/libc.a(malloc.o)
 .debug_info    0x00000000     0x9e41 ../../lib/c/libc.a(async.o)
 .debug_abbrev  0x00000000      0x4d1 ../../lib/c/libc.a(async.o)
 .debug_loc     0x00000000     0x6ffb ../../lib/c/libc.a(async.o)
 .debug_aranges
                0x00000000       0x30 ../../lib/c/libc.a(async.o)
 .debug_ranges  0x00000000      0xf00 ../../lib/c/libc.a(async.o)
 .debug_line    0x00000000     0x14dd ../../lib/c/libc.a(async.o)
 .debug_str     0x00000000     0x1661 ../../lib/c/libc.a(async.o)
 .comment       0x00000000       0x12 ../../lib/c/libc.a(async.o)
 .note.GNU-stack
                0x00000000        0x0 ../../lib/c/libc.a(async.o)
 .eh_frame      0x00000000     0x1018 ../../lib/c/libc.a(async.o)
 .debug_info    0x00000000     0x10ce ../../lib/c/libc.a(loader.o)
 .debug_abbrev  0x00000000      0x297 ../../lib/c/libc.a(loader.o)
 .debug_loc     0x00000000      0x7a0 ../../lib/c/libc.a(loader.o)
 .debug_aranges
                0x00000000       0x20 ../../lib/c/libc.a(loader.o)
 .debug_line    0x00000000      0x2ab ../../lib/c/libc.a(loader.o)
 .debug_str     0x00000000      0x8d9 ../../lib/c/libc.a(loader.o)
 .comment       0x00000000       0x12 ../../lib/c/libc.a(loader.o)
 .note.GNU-stack
                0x00000000        0x0 ../../lib/c/libc.a(loader.o)
 .eh_frame      0x00000000      0x210 ../../lib/c/libc.a(loader.o)
 .debug_info    0x00000000     0x151a ../../lib/c/libc.a(hash_table.o)
 .debug_abbrev  0x00000000      0x404 ../../lib/c/libc.a(hash_table.o)
 .debug_loc     0x00000000     0x10c4 ../../lib/c/libc.a(hash_table.o)
 .debug_aranges
                0x00000000       0x20 ../../lib/c/libc.a(hash_table.o)
 .debug_ranges  0x00000000      0x420 ../../lib/c/libc.a(hash_table.o)
 .debug_line    0x00000000      0x4e7 ../../lib/c/libc.a(hash_table.o)
 .debug_str     0x00000000      0x3c6 ../../lib/c/libc.a(hash_table.o)
 .comment       0x00000000       0x12 ../../lib/c/libc.a(hash_table.o)
 .note.GNU-stack
                0x00000000        0x0 ../../lib/c/libc.a(hash_table.o)
 .eh_frame      0x00000000      0x30c ../../lib/c/libc.a(hash_table.o)
 .debug_info    0x00000000     0x20b5 ../../lib/c/libc.a(time.o)
 .debug_abbrev  0x00000000      0x443 ../../lib/c/libc.a(time.o)
 .debug_loc     0x00000000     0x2266 ../../lib/c/libc.a(time.o)
 .debug_aranges
                0x00000000       0x20 ../../lib/c/libc.a(time.o)
 .debug_ranges  0x00000000      0x8b8 ../../lib/c/libc.a(time.o)
 .debug_line    0x00000000      0x7b4 ../../lib/c/libc.a(time.o)
 .debug_str     0x00000000      0x944 ../../lib/c/libc.a(time.o)
 .comment       0x00000000       0x12 ../../lib/c/libc.a(time.o)
 .note.GNU-stack
                0x00000000        0x0 ../../lib/c/libc.a(time.o)
 .eh_frame      0x00000000      0x390 ../../lib/c/libc.a(time.o)
 .debug_info    0x00000000     0x477c ../../lib/c/libc.a(vfs.o)
 .debug_abbrev  0x00000000      0x4a6 ../../lib/c/libc.a(vfs.o)
 .debug_loc     0x00000000     0x191c ../../lib/c/libc.a(vfs.o)
 .debug_aranges
                0x00000000       0x20 ../../lib/c/libc.a(vfs.o)
 .debug_ranges  0x00000000      0x538 ../../lib/c/libc.a(vfs.o)
 .debug_line    0x00000000      0x96a ../../lib/c/libc.a(vfs.o)
 .debug_str     0x00000000      0xc9c ../../lib/c/libc.a(vfs.o)
 .comment       0x00000000       0x12 ../../lib/c/libc.a(vfs.o)
 .note.GNU-stack
                0x00000000        0x0 ../../lib/c/libc.a(vfs.o)
 .eh_frame      0x00000000      0x610 ../../lib/c/libc.a(vfs.o)
 .debug_info    0x00000000      0x504 ../../lib/c/libc.a(canonify.o)
 .debug_abbrev  0x00000000      0x1e8 ../../lib/c/libc.a(canonify.o)
 .debug_loc     0x00000000      0x2bc ../../lib/c/libc.a(canonify.o)
 .debug_aranges
                0x00000000       0x20 ../../lib/c/libc.a(canonify.o)
 .debug_ranges  0x00000000       0x40 ../../lib/c/libc.a(canonify.o)
 .debug_line    0x00000000       0xfd ../../lib/c/libc.a(canonify.o)
 .debug_str     0x00000000      0x218 ../../lib/c/libc.a(canonify.o)
 .comment       0x00000000       0x12 ../../lib/c/libc.a(canonify.o)
 .note.GNU-stack
                0x00000000        0x0 ../../lib/c/libc.a(canonify.o)
 .eh_frame      0x00000000      0x148 ../../lib/c/libc.a(canonify.o)
 .debug_info    0x00000000     0x3c6f ../../lib/c/libc.a(socket_client.o)
 .debug_abbrev  0x00000000      0x482 ../../lib/c/libc.a(socket_client.o)
 .debug_loc     0x00000000     0x2b35 ../../lib/c/libc.a(socket_client.o)
 .debug_aranges
                0x00000000       0x20 ../../lib/c/libc.a(socket_client.o)
 .debug_ranges  0x00000000      0x6a8 ../../lib/c/libc.a(socket_client.o)
 .debug_line    0x00000000      0x8cc ../../lib/c/libc.a(socket_client.o)
 .debug_str     0x00000000      0xf30 ../../lib/c/libc.a(socket_client.o)
 .comment       0x00000000       0x12 ../../lib/c/libc.a(socket_client.o)
 .note.GNU-stack
                0x00000000        0x0 ../../lib/c/libc.a(socket_client.o)
 .eh_frame      0x00000000      0x6bc ../../lib/c/libc.a(socket_client.o)
 .debug_info    0x00000000      0x110 ../../lib/c/libc.a(stack.o)
 .debug_abbrev  0x00000000       0xa5 ../../lib/c/libc.a(stack.o)
 .debug_loc     0x00000000       0x38 ../../lib/c/libc.a(stack.o)
 .debug_aranges
                0x00000000       0x20 ../../lib/c/libc.a(stack.o)
 .debug_line    0x00000000       0x9b ../../lib/c/libc.a(stack.o)
 .debug_str     0x00000000      0x103 ../../lib/c/libc.a(stack.o)
 .comment       0x00000000       0x12 ../../lib/c/libc.a(stack.o)
 .note.GNU-stack
                0x00000000        0x0 ../../lib/c/libc.a(stack.o)
 .eh_frame      0x00000000       0x38 ../../lib/c/libc.a(stack.o)
 .debug_info    0x00000000      0x21f ../../lib/c/libc.a(assert.o)
 .debug_abbrev  0x00000000      0x153 ../../lib/c/libc.a(assert.o)
 .debug_loc     0x00000000       0x4b ../../lib/c/libc.a(assert.o)
 .debug_aranges
                0x00000000       0x20 ../../lib/c/libc.a(assert.o)
 .debug_line    0x00000000       0xfc ../../lib/c/libc.a(assert.o)
 .debug_str     0x00000000      0x14b ../../lib/c/libc.a(assert.o)
 .comment       0x00000000       0x12 ../../lib/c/libc.a(assert.o)
 .note.GNU-stack
                0x00000000        0x0 ../../lib/c/libc.a(assert.o)
 .eh_frame      0x00000000       0x38 ../../lib/c/libc.a(assert.o)
 .debug_line    0x00000000       0x6f ../../lib/c/libc.a(syscall.o)
 .debug_info    0x00000000       0x65 ../../lib/c/libc.a(syscall.o)
 .debug_abbrev  0x00000000       0x14 ../../lib/c/libc.a(syscall.o)
 .debug_aranges
                0x00000000       0x20 ../../lib/c/libc.a(syscall.o)
 .debug_line    0x00000000       0x5b ../../lib/c/libc.a(fibril.o)
 .debug_info    0x00000000       0x64 ../../lib/c/libc.a(fibril.o)
 .debug_abbrev  0x00000000       0x14 ../../lib/c/libc.a(fibril.o)
 .debug_aranges
                0x00000000       0x20 ../../lib/c/libc.a(fibril.o)
 .debug_info    0x00000000      0x427 ../../lib/c/libc.a(tls.o)
 .debug_abbrev  0x00000000      0x194 ../../lib/c/libc.a(tls.o)
 .debug_loc     0x00000000       0xdc ../../lib/c/libc.a(tls.o)
 .debug_aranges
                0x00000000       0x20 ../../lib/c/libc.a(tls.o)
 .debug_line    0x00000000       0xe8 ../../lib/c/libc.a(tls.o)
 .debug_str     0x00000000      0x591 ../../lib/c/libc.a(tls.o)
 .comment       0x00000000       0x12 ../../lib/c/libc.a(tls.o)
 .note.GNU-stack
                0x00000000        0x0 ../../lib/c/libc.a(tls.o)
 .eh_frame      0x00000000       0x7c ../../lib/c/libc.a(tls.o)
 .debug_info    0x00000000      0xe97 ../../lib/c/libc.a(ddi.o)
 .debug_abbrev  0x00000000      0x260 ../../lib/c/libc.a(ddi.o)
 .debug_loc     0x00000000      0x6f8 ../../lib/c/libc.a(ddi.o)
 .debug_aranges
                0x00000000       0x20 ../../lib/c/libc.a(ddi.o)
 .debug_ranges  0x00000000       0xb0 ../../lib/c/libc.a(ddi.o)
 .debug_line    0x00000000      0x28a ../../lib/c/libc.a(ddi.o)
 .debug_str     0x00000000      0x83f ../../lib/c/libc.a(ddi.o)
 .comment       0x00000000       0x12 ../../lib/c/libc.a(ddi.o)
 .note.GNU-stack
                0x00000000        0x0 ../../lib/c/libc.a(ddi.o)
 .eh_frame      0x00000000      0x274 ../../lib/c/libc.a(ddi.o)
 .debug_info    0x00000000      0x46d ../../lib/c/libc.a(as.o)
 .debug_abbrev  0x00000000       0xcc ../../lib/c/libc.a(as.o)
 .debug_loc     0x00000000      0x118 ../../lib/c/libc.a(as.o)
 .debug_aranges
                0x00000000       0x20 ../../lib/c/libc.a(as.o)
 .debug_line    0x00000000       0xc1 ../../lib/c/libc.a(as.o)
 .debug_str     0x00000000      0x52e ../../lib/c/libc.a(as.o)
 .comment       0x00000000       0x12 ../../lib/c/libc.a(as.o)
 .note.GNU-stack
                0x00000000        0x0 ../../lib/c/libc.a(as.o)
 .eh_frame      0x00000000       0xb8 ../../lib/c/libc.a(as.o)
 .debug_info    0x00000000      0x705 ../../lib/c/libc.a(clock_dev.o)
 .debug_abbrev  0x00000000      0x19e ../../lib/c/libc.a(clock_dev.o)
 .debug_loc     0x00000000      0x192 ../../lib/c/libc.a(clock_dev.o)
 .debug_aranges
                0x00000000       0x20 ../../lib/c/libc.a(clock_dev.o)
 .debug_line    0x00000000      0x199 ../../lib/c/libc.a(clock_dev.o)
 .debug_str     0x00000000      0x714 ../../lib/c/libc.a(clock_dev.o)
 .comment       0x00000000       0x12 ../../lib/c/libc.a(clock_dev.o)
 .note.GNU-stack
                0x00000000        0x0 ../../lib/c/libc.a(clock_dev.o)
 .eh_frame      0x00000000       0x80 ../../lib/c/libc.a(clock_dev.o)
 .debug_info    0x00000000      0x23e ../../lib/c/libc.a(errno.o)
 .debug_abbrev  0x00000000       0xa9 ../../lib/c/libc.a(errno.o)
 .debug_loc     0x00000000       0x38 ../../lib/c/libc.a(errno.o)
 .debug_aranges
                0x00000000       0x20 ../../lib/c/libc.a(errno.o)
 .debug_line    0x00000000       0xa8 ../../lib/c/libc.a(errno.o)
 .debug_str     0x00000000      0x4b3 ../../lib/c/libc.a(errno.o)
 .comment       0x00000000       0x12 ../../lib/c/libc.a(errno.o)
 .note.GNU-stack
                0x00000000        0x0 ../../lib/c/libc.a(errno.o)
 .eh_frame      0x00000000       0x38 ../../lib/c/libc.a(errno.o)
 .debug_info    0x00000000     0x49b8 ../../lib/c/libc.a(loc.o)
 .debug_abbrev  0x00000000      0x4b8 ../../lib/c/libc.a(loc.o)
 .debug_loc     0x00000000     0x2c0e ../../lib/c/libc.a(loc.o)
 .debug_aranges
                0x00000000       0x20 ../../lib/c/libc.a(loc.o)
 .debug_ranges  0x00000000     0x15c0 ../../lib/c/libc.a(loc.o)
 .debug_line    0x00000000      0xb86 ../../lib/c/libc.a(loc.o)
 .debug_str     0x00000000      0xf47 ../../lib/c/libc.a(loc.o)
 .comment       0x00000000       0x12 ../../lib/c/libc.a(loc.o)
 .note.GNU-stack
                0x00000000        0x0 ../../lib/c/libc.a(loc.o)
 .eh_frame      0x00000000      0x62c ../../lib/c/libc.a(loc.o)
 .debug_info    0x00000000      0x4d6 ../../lib/c/libc.a(mem.o)
 .debug_abbrev  0x00000000      0x1aa ../../lib/c/libc.a(mem.o)
 .debug_loc     0x00000000      0xa94 ../../lib/c/libc.a(mem.o)
 .debug_aranges
                0x00000000       0x20 ../../lib/c/libc.a(mem.o)
 .debug_ranges  0x00000000      0x110 ../../lib/c/libc.a(mem.o)
 .debug_line    0x00000000      0x199 ../../lib/c/libc.a(mem.o)
 .debug_str     0x00000000      0x15e ../../lib/c/libc.a(mem.o)
 .comment       0x00000000       0x12 ../../lib/c/libc.a(mem.o)
 .note.GNU-stack
                0x00000000        0x0 ../../lib/c/libc.a(mem.o)
 .eh_frame      0x00000000       0xe4 ../../lib/c/libc.a(mem.o)
 .debug_info    0x00000000     0x2d1f ../../lib/c/libc.a(fibril_synch.o)
 .debug_abbrev  0x00000000      0x4d0 ../../lib/c/libc.a(fibril_synch.o)
 .debug_loc     0x00000000     0x19ce ../../lib/c/libc.a(fibril_synch.o)
 .debug_aranges
                0x00000000       0x20 ../../lib/c/libc.a(fibril_synch.o)
 .debug_ranges  0x00000000      0xa10 ../../lib/c/libc.a(fibril_synch.o)
 .debug_line    0x00000000      0x955 ../../lib/c/libc.a(fibril_synch.o)
 .debug_str     0x00000000      0xba8 ../../lib/c/libc.a(fibril_synch.o)
 .comment       0x00000000       0x12 ../../lib/c/libc.a(fibril_synch.o)
 .note.GNU-stack
                0x00000000        0x0 ../../lib/c/libc.a(fibril_synch.o)
 .eh_frame      0x00000000      0x454 ../../lib/c/libc.a(fibril_synch.o)
 .debug_info    0x00000000      0x15a ../../lib/c/libc.a(snprintf.o)
 .debug_abbrev  0x00000000       0xe0 ../../lib/c/libc.a(snprintf.o)
 .debug_loc     0x00000000       0x64 ../../lib/c/libc.a(snprintf.o)
 .debug_aranges
                0x00000000       0x20 ../../lib/c/libc.a(snprintf.o)
 .debug_line    0x00000000       0xa7 ../../lib/c/libc.a(snprintf.o)
 .debug_str     0x00000000      0x105 ../../lib/c/libc.a(snprintf.o)
 .comment       0x00000000       0x12 ../../lib/c/libc.a(snprintf.o)
 .note.GNU-stack
                0x00000000        0x0 ../../lib/c/libc.a(snprintf.o)
 .eh_frame      0x00000000       0x38 ../../lib/c/libc.a(snprintf.o)
 .debug_info    0x00000000      0x289 ../../lib/c/libc.a(power_of_ten.o)
 .debug_abbrev  0x00000000      0x14e ../../lib/c/libc.a(power_of_ten.o)
 .debug_loc     0x00000000       0x8b ../../lib/c/libc.a(power_of_ten.o)
 .debug_aranges
                0x00000000       0x20 ../../lib/c/libc.a(power_of_ten.o)
 .debug_ranges  0x00000000       0x18 ../../lib/c/libc.a(power_of_ten.o)
 .debug_line    0x00000000       0xd3 ../../lib/c/libc.a(power_of_ten.o)
 .debug_str     0x00000000      0x1a1 ../../lib/c/libc.a(power_of_ten.o)
 .comment       0x00000000       0x12 ../../lib/c/libc.a(power_of_ten.o)
 .note.GNU-stack
                0x00000000        0x0 ../../lib/c/libc.a(power_of_ten.o)
 .eh_frame      0x00000000       0x44 ../../lib/c/libc.a(power_of_ten.o)
 .debug_info    0x00000000      0x86b ../../lib/c/libc.a(sysinfo.o)
 .debug_abbrev  0x00000000      0x1a8 ../../lib/c/libc.a(sysinfo.o)
 .debug_loc     0x00000000      0x444 ../../lib/c/libc.a(sysinfo.o)
 .debug_aranges
                0x00000000       0x20 ../../lib/c/libc.a(sysinfo.o)
 .debug_ranges  0x00000000       0x20 ../../lib/c/libc.a(sysinfo.o)
 .debug_line    0x00000000      0x167 ../../lib/c/libc.a(sysinfo.o)
 .debug_str     0x00000000      0x643 ../../lib/c/libc.a(sysinfo.o)
 .comment       0x00000000       0x12 ../../lib/c/libc.a(sysinfo.o)
 .note.GNU-stack
                0x00000000        0x0 ../../lib/c/libc.a(sysinfo.o)
 .eh_frame      0x00000000      0x124 ../../lib/c/libc.a(sysinfo.o)
 .debug_info    0x00000000     0x18bc ../../lib/c/libc.a(ipc.o)
 .debug_abbrev  0x00000000      0x3f1 ../../lib/c/libc.a(ipc.o)
 .debug_loc     0x00000000      0xe78 ../../lib/c/libc.a(ipc.o)
 .debug_aranges
                0x00000000       0x20 ../../lib/c/libc.a(ipc.o)
 .debug_ranges  0x00000000      0x2e8 ../../lib/c/libc.a(ipc.o)
 .debug_line    0x00000000      0x3f1 ../../lib/c/libc.a(ipc.o)
 .debug_str     0x00000000      0x86c ../../lib/c/libc.a(ipc.o)
 .comment       0x00000000       0x12 ../../lib/c/libc.a(ipc.o)
 .note.GNU-stack
                0x00000000        0x0 ../../lib/c/libc.a(ipc.o)
 .eh_frame      0x00000000      0x2a0 ../../lib/c/libc.a(ipc.o)
 .debug_info    0x00000000      0xabf ../../lib/c/libc.a(ns.o)
 .debug_abbrev  0x00000000      0x215 ../../lib/c/libc.a(ns.o)
 .debug_loc     0x00000000      0x32f ../../lib/c/libc.a(ns.o)
 .debug_aranges
                0x00000000       0x20 ../../lib/c/libc.a(ns.o)
 .debug_ranges  0x00000000       0x18 ../../lib/c/libc.a(ns.o)
 .debug_line    0x00000000      0x1aa ../../lib/c/libc.a(ns.o)
 .debug_str     0x00000000      0x771 ../../lib/c/libc.a(ns.o)
 .comment       0x00000000       0x12 ../../lib/c/libc.a(ns.o)
 .note.GNU-stack
                0x00000000        0x0 ../../lib/c/libc.a(ns.o)
 .eh_frame      0x00000000      0x11c ../../lib/c/libc.a(ns.o)
 .debug_info    0x00000000      0x365 ../../lib/c/libc.a(dynamic_fifo.o)
 .debug_abbrev  0x00000000      0x168 ../../lib/c/libc.a(dynamic_fifo.o)
 .debug_loc     0x00000000      0x33a ../../lib/c/libc.a(dynamic_fifo.o)
 .debug_aranges
                0x00000000       0x20 ../../lib/c/libc.a(dynamic_fifo.o)
 .debug_ranges  0x00000000       0x30 ../../lib/c/libc.a(dynamic_fifo.o)
 .debug_line    0x00000000      0x161 ../../lib/c/libc.a(dynamic_fifo.o)
 .debug_str     0x00000000      0x194 ../../lib/c/libc.a(dynamic_fifo.o)
 .comment       0x00000000       0x12 ../../lib/c/libc.a(dynamic_fifo.o)
 .note.GNU-stack
                0x00000000        0x0 ../../lib/c/libc.a(dynamic_fifo.o)
 .eh_frame      0x00000000      0x11c ../../lib/c/libc.a(dynamic_fifo.o)
 .debug_info    0x00000000       0xb9 ../../lib/c/libc.a(stdlib.o)
 .debug_abbrev  0x00000000       0x7c ../../lib/c/libc.a(stdlib.o)
 .debug_loc     0x00000000       0x70 ../../lib/c/libc.a(stdlib.o)
 .debug_aranges
                0x00000000       0x20 ../../lib/c/libc.a(stdlib.o)
 .debug_line    0x00000000       0x50 ../../lib/c/libc.a(stdlib.o)
 .debug_str     0x00000000       0xd2 ../../lib/c/libc.a(stdlib.o)
 .comment       0x00000000       0x12 ../../lib/c/libc.a(stdlib.o)
 .note.GNU-stack
                0x00000000        0x0 ../../lib/c/libc.a(stdlib.o)
 .eh_frame      0x00000000       0x58 ../../lib/c/libc.a(stdlib.o)
 .debug_info    0x00000000      0x3c9 ../../lib/c/libc.a(stacktrace.o)
 .debug_abbrev  0x00000000      0x1ad ../../lib/c/libc.a(stacktrace.o)
 .debug_loc     0x00000000       0xe5 ../../lib/c/libc.a(stacktrace.o)
 .debug_aranges
                0x00000000       0x20 ../../lib/c/libc.a(stacktrace.o)
 .debug_ranges  0x00000000       0x30 ../../lib/c/libc.a(stacktrace.o)
 .debug_line    0x00000000       0xd4 ../../lib/c/libc.a(stacktrace.o)
 .debug_str     0x00000000      0x1b8 ../../lib/c/libc.a(stacktrace.o)
 .comment       0x00000000       0x12 ../../lib/c/libc.a(stacktrace.o)
 .note.GNU-stack
                0x00000000        0x0 ../../lib/c/libc.a(stacktrace.o)
 .eh_frame      0x00000000       0x90 ../../lib/c/libc.a(stacktrace.o)
 .debug_info    0x00000000      0xa2a ../../lib/c/libc.a(pio_trace.o)
 .debug_abbrev  0x00000000      0x281 ../../lib/c/libc.a(pio_trace.o)
 .debug_loc     0x00000000      0x208 ../../lib/c/libc.a(pio_trace.o)
 .debug_aranges
                0x00000000       0x20 ../../lib/c/libc.a(pio_trace.o)
 .debug_ranges  0x00000000       0x70 ../../lib/c/libc.a(pio_trace.o)
 .debug_line    0x00000000      0x1ad ../../lib/c/libc.a(pio_trace.o)
 .debug_str     0x00000000      0x6fa ../../lib/c/libc.a(pio_trace.o)
 .comment       0x00000000       0x12 ../../lib/c/libc.a(pio_trace.o)
 .note.GNU-stack
                0x00000000        0x0 ../../lib/c/libc.a(pio_trace.o)
 .eh_frame      0x00000000       0xa0 ../../lib/c/libc.a(pio_trace.o)
 .debug_info    0x00000000      0x1cb ../../lib/c/libc.a(stacktrace.o)
 .debug_abbrev  0x00000000       0xe1 ../../lib/c/libc.a(stacktrace.o)
 .debug_loc     0x00000000       0xa8 ../../lib/c/libc.a(stacktrace.o)
 .debug_aranges
                0x00000000       0x20 ../../lib/c/libc.a(stacktrace.o)
 .debug_line    0x00000000       0xb1 ../../lib/c/libc.a(stacktrace.o)
 .debug_str     0x00000000      0x12d ../../lib/c/libc.a(stacktrace.o)
 .comment       0x00000000       0x12 ../../lib/c/libc.a(stacktrace.o)
 .note.GNU-stack
                0x00000000        0x0 ../../lib/c/libc.a(stacktrace.o)
 .eh_frame      0x00000000       0x78 ../../lib/c/libc.a(stacktrace.o)
 .debug_line    0x00000000       0x52 ../../lib/c/libc.a(stacktrace_asm.o)
 .debug_info    0x00000000       0x6c ../../lib/c/libc.a(stacktrace_asm.o)
 .debug_abbrev  0x00000000       0x14 ../../lib/c/libc.a(stacktrace_asm.o)
 .debug_aranges
                0x00000000       0x20 ../../lib/c/libc.a(stacktrace_asm.o)
 .debug_info    0x00000000      0xa1d ../../lib/softint/libsoftint.a(division.o)
 .debug_abbrev  0x00000000      0x13f ../../lib/softint/libsoftint.a(division.o)
 .debug_loc     0x00000000      0xc03 ../../lib/softint/libsoftint.a(division.o)
 .debug_aranges
                0x00000000       0x20 ../../lib/softint/libsoftint.a(division.o)
 .debug_ranges  0x00000000      0x390 ../../lib/softint/libsoftint.a(division.o)
 .debug_line    0x00000000      0x296 ../../lib/softint/libsoftint.a(division.o)
 .debug_str     0x00000000      0x129 ../../lib/softint/libsoftint.a(division.o)
 .comment       0x00000000       0x12 ../../lib/softint/libsoftint.a(division.o)
 .note.GNU-stack
                0x00000000        0x0 ../../lib/softint/libsoftint.a(division.o)
 .eh_frame      0x00000000      0x294 ../../lib/softint/libsoftint.a(division.o)

Memory Configuration

Name             Origin             Length             Attributes
*default*        0x00000000         0xffffffff

Linker script and memory map

LOAD /home/mt2012106/HelenOS/uspace/lib/c/arch/ia32/src/entry.o
                0x00001094                . = (0x1000 + SIZEOF_HEADERS)

.init           0x00001094       0x2c
 *(.init)
 .init          0x00001094       0x2c /home/mt2012106/HelenOS/uspace/lib/c/arch/ia32/src/entry.o
                0x00001094                __entry

.text           0x000010c0    0x224a0
 *(.text .text.*)
 .text          0x000010c0        0x0 /home/mt2012106/HelenOS/uspace/lib/c/arch/ia32/src/entry.o
 .text          0x000010c0      0x300 nweb23.o
                0x000010c0                logger
 .text.startup  0x000013c0      0xe93 nweb23.o
                0x000013c0                main
 *fill*         0x00002253        0xd 
 .text          0x00002260      0x18c ../../lib/c/libc.a(libc.o)
                0x00002260                exit
                0x000022e0                abort
                0x00002330                __main
 *fill*         0x000023ec        0x4 
 .text          0x000023f0     0x3186 ../../lib/c/libc.a(str.o)
                0x00002860                str_decode
                0x00002960                str_decode_reverse
                0x00002bb0                chr_encode
                0x00002ca0                str_size
                0x00002cc0                wstr_size
                0x00002ce0                str_lsize
                0x00002dd0                str_nsize
                0x00002e00                wstr_nsize
                0x00002e40                wstr_lsize
                0x00002e80                str_length
                0x00002f60                wstr_length
                0x00002f80                str_nlength
                0x00003080                wstr_nlength
                0x000030c0                chr_width
                0x000030d0                str_width
                0x000031b0                ascii_check
                0x000031c0                chr_check
                0x000031d0                str_cmp
                0x00003400                str_lcmp
                0x00003650                str_test_prefix
                0x00003850                str_cpy
                0x00003a40                str_ncpy
                0x00003c70                str_append
                0x00003cb0                spascii_to_str
                0x00003d60                wstr_to_str
                0x00003eb0                utf16_to_str
                0x00004060                str_to_utf16
                0x000041e0                wstr_to_astr
                0x00004400                str_to_wstr
                0x00004530                str_to_awstr
                0x00004640                str_chr
                0x00004740                str_rtrim
                0x00004870                str_ltrim
                0x000049a0                str_rchr
                0x00004aa0                wstr_linsert
                0x00004b00                wstr_remove
                0x00004b50                stricmp
                0x00004c00                strtol
                0x00004c40                str_dup
                0x00004ca0                str_ndup
                0x00004d10                strtoul
                0x00004d40                strtok_r
                0x00004f80                strtok
                0x00004fb0                str_uint8_t
                0x00005050                str_uint16_t
                0x000050f0                str_uint32_t
                0x00005190                str_uint64_t
                0x00005210                str_size_t
                0x000052b0                order_suffix
                0x00005470                bin_order_suffix
 *fill*         0x00005576        0xa 
 .text          0x00005580      0x70b ../../lib/c/libc.a(fibril.o)
                0x00005580                fibril_setup
                0x00005600                fibril_teardown
                0x000056f0                fibril_switch
                0x000059e0                fibril_create
                0x00005af0                fibril_destroy
                0x00005b20                fibril_add_ready
                0x00005b90                fibril_add_manager
                0x00005be0                fibril_remove_manager
                0x00005c30                fibril_get_id
                0x00005c40                fibril_inc_sercount
                0x00005c60                fibril_dec_sercount
                0x00005c80                fibril_get_sercount
 *fill*         0x00005c8b        0x1 
 .text          0x00005c8c        0x0 ../../lib/c/libc.a(pcb.o)
 *fill*         0x00005c8c        0x4 
 .text          0x00005c90      0x122 ../../lib/c/libc.a(tls.o)
                0x00005c90                __make_tls
                0x00005d10                __free_tls
                0x00005d40                tls_alloc_variant_2
                0x00005d90                tls_free_variant_2
 *fill*         0x00005db2        0xe 
 .text          0x00005dc0      0x611 ../../lib/c/libc.a(task.o)
                0x00005dc0                task_get_id
                0x00005e10                task_set_name
                0x00005e90                task_kill
                0x00005ee0                task_spawnvf
                0x00005fb0                task_spawnv
                0x00006060                task_spawn
                0x00006160                task_spawnl
                0x00006270                task_wait
                0x00006350                task_retval
 *fill*         0x000063d1        0xf 
 .text          0x000063e0       0xeb ../../lib/c/libc.a(futex.o)
                0x000063e0                futex_initialize
                0x000063f0                futex_trydown
                0x00006410                futex_down
                0x00006470                futex_up
 *fill*         0x000064cb        0x5 
 .text          0x000064d0       0x9b ../../lib/c/libc.a(asprintf.o)
                0x000064f0                asprintf
 *fill*         0x0000656b        0x5 
 .text          0x00006570     0x248d ../../lib/c/libc.a(io.o)
                0x00006640                __stdio_init
                0x000068d0                __stdio_done
                0x00006aa0                setvbuf
                0x00006ad0                fopen
                0x00006cc0                fdopen
                0x00006dc0                fclose
                0x00006f70                fread
                0x000071a0                fgetc
                0x00007420                fgets
                0x00007750                getchar
                0x00007a10                fseek
                0x00007b50                ftell
                0x00007c80                rewind
                0x00007db0                fflush
                0x000080a0                fwrite
                0x00008250                fputs
                0x00008400                puts
                0x000085b0                fputc
                0x00008770                putchar
                0x00008930                feof
                0x00008940                ferror
                0x00008950                clearerr
                0x00008970                fileno
                0x000089a0                fsession
                0x000089e0                fhandle
 *fill*         0x000089fd        0x3 
 .text          0x00008a00       0x4a ../../lib/c/libc.a(printf.o)
                0x00008a00                fprintf
                0x00008a30                printf
 *fill*         0x00008a4a        0x6 
 .text          0x00008a50      0x276 ../../lib/c/libc.a(klog.o)
                0x00008b60                klog_write
                0x00008bb0                klog_update
                0x00008c00                klog_command
                0x00008c50                klog_printf
                0x00008c90                klog_vprintf
 *fill*         0x00008cc6        0xa 
 .text          0x00008cd0      0x145 ../../lib/c/libc.a(vprintf.o)
                0x00008d60                vfprintf
                0x00008dc0                vprintf
 *fill*         0x00008e15        0xb 
 .text          0x00008e20      0x1cf ../../lib/c/libc.a(vsnprintf.o)
                0x00008fa0                vsnprintf
 *fill*         0x00008fef        0x1 
 .text          0x00008ff0     0x261c ../../lib/c/libc.a(printf_core.o)
                0x00009f40                printf_core
 *fill*         0x0000b60c        0x4 
 .text          0x0000b610       0xe5 ../../lib/c/libc.a(ieee_double.o)
                0x0000b610                extract_ieee_double
 *fill*         0x0000b6f5        0xb 
 .text          0x0000b700     0x14e5 ../../lib/c/libc.a(double_to_str.o)
                0x0000b700                double_to_short_str
                0x0000c720                double_to_fixed_str
 .text.unlikely
                0x0000cbe5       0x22 ../../lib/c/libc.a(double_to_str.o)
 *fill*         0x0000cc07        0x9 
 .text          0x0000cc10     0x13f0 ../../lib/c/libc.a(malloc.o)
                0x0000d780                __malloc_init
                0x0000d820                calloc
                0x0000d880                malloc
                0x0000d8c0                memalign
                0x0000d990                free
                0x0000dbe0                realloc
                0x0000df20                heap_check
 .text.unlikely
                0x0000e000       0x2e ../../lib/c/libc.a(malloc.o)
 *fill*         0x0000e02e        0x2 
 .text          0x0000e030     0x4891 ../../lib/c/libc.a(async.o)
                0x0000e220                reply_received
                0x0000e730                awaiter_initialize
                0x0000e780                async_set_client_data_constructor
                0x0000e7c0                async_set_client_data_destructor
                0x0000e800                async_set_client_connection
                0x0000e840                async_set_interrupt_received
                0x0000e850                async_insert_timeout
                0x0000ea20                async_get_call_timeout
                0x0000ec40                async_get_client_data
                0x0000ec80                async_get_client_data_by_id
                0x0000ed60                async_put_client_data_by_id
                0x0000eed0                async_new_connection
                0x0000f2e0                async_create_manager
                0x0000f310                async_destroy_manager
                0x0000f320                __async_init
                0x0000f3f0                async_send_fast
                0x0000f4d0                async_send_slow
                0x0000f5c0                async_wait_for
                0x0000f6a0                async_wait_timeout
                0x0000f810                async_forget
                0x0000f8d0                async_usleep
                0x0000fa00                async_req_fast
                0x0000fc00                async_req_slow
                0x0000fe10                async_msg_0
                0x0000fe70                async_msg_1
                0x0000fed0                async_msg_2
                0x0000ff30                async_msg_3
                0x0000ff90                async_msg_4
                0x0000fff0                async_msg_5
                0x00010050                async_answer_0
                0x00010090                async_answer_1
                0x000100d0                async_answer_2
                0x00010110                async_answer_3
                0x00010150                async_answer_4
                0x00010160                async_answer_5
                0x00010170                async_forward_fast
                0x000101a0                async_forward_slow
                0x000101f0                async_connect_to_me
                0x00010470                async_clone_establish
                0x000106e0                async_connect_me_to
                0x000107b0                async_sess_args_set
                0x000107d0                async_connect_me_to_blocking
                0x000108a0                async_connect_kbox
                0x00010950                async_hangup
                0x00010a40                async_poke
                0x00010a50                async_exchange_begin
                0x00010dc0                async_exchange_end
                0x00010e50                async_share_in_start
                0x00011010                async_share_in_receive
                0x00011080                async_share_in_finalize
                0x000110c0                async_share_out_start
                0x00011260                async_share_out_receive
                0x00011300                async_share_out_finalize
                0x00011340                async_data_read
                0x00011420                async_data_read_start
                0x000115c0                async_data_read_receive
                0x00011620                async_data_read_finalize
                0x00011660                async_data_read_forward_fast
                0x00011940                async_data_write_start
                0x00011ae0                async_data_write_receive
                0x00011b30                async_data_write_finalize
                0x00011b70                async_data_write_accept
                0x00011ce0                async_data_write_void
                0x00011d20                async_data_write_forward_fast
                0x00012000                async_exchange_clone
                0x000121b0                async_clone_receive
                0x000122f0                async_callback_receive
                0x00012430                async_callback_receive_start
                0x000124c0                async_state_change_start
                0x00012680                async_state_change_receive
                0x00012700                async_state_change_finalize
                0x00012740                async_remote_state_acquire
                0x00012760                async_remote_state_update
                0x000127b0                async_remote_state_release
                0x00012800                async_remote_state_release_exchange
 .text.unlikely
                0x000128c1       0x44 ../../lib/c/libc.a(async.o)
 *fill*         0x00012905        0xb 
 .text          0x00012910      0x711 ../../lib/c/libc.a(loader.o)
                0x00012910                loader_spawn
                0x00012970                loader_connect
                0x000129d0                loader_get_task_id
                0x00012a80                loader_set_cwd
                0x00012ba0                loader_set_pathname
                0x00012c80                loader_set_args
                0x00012dc0                loader_set_files
                0x00012ed0                loader_load_program
                0x00012f60                loader_run
                0x00013000                loader_abort
 *fill*         0x00013021        0xf 
 .text          0x00013030      0xc34 ../../lib/c/libc.a(hash_table.o)
                0x000131b0                hash_table_create
                0x000132e0                hash_table_destroy
                0x000133f0                hash_table_empty
                0x00013430                hash_table_size
                0x00013470                hash_table_clear
                0x00013590                hash_table_insert
                0x00013660                hash_table_insert_unique
                0x000137c0                hash_table_find
                0x00013860                hash_table_find_next
                0x00013910                hash_table_remove
                0x00013a40                hash_table_remove_item
                0x00013b20                hash_table_apply
 *fill*         0x00013c64        0xc 
 .text          0x00013c70     0x1906 ../../lib/c/libc.a(time.o)
                0x000144a0                tv_add
                0x00014500                tv_sub
                0x00014540                tv_gt
                0x00014570                tv_gteq
                0x000145a0                getuptime
                0x00014670                gettimeofday
                0x00014830                time
                0x00014870                usleep
                0x000148c0                udelay
                0x00014910                sleep
                0x00014990                mktime
                0x00014a00                strftime
                0x00015250                time_utc2tm
                0x000152c0                time_utc2str
                0x00015390                time_tm2str
                0x00015440                time_local2tm
                0x00015490                time_local2str
                0x00015560                difftime
 *fill*         0x00015576        0xa 
 .text          0x00015580     0x236d ../../lib/c/libc.a(vfs.o)
                0x00015580                vfs_exchange_begin
                0x000155f0                vfs_exchange_end
                0x00015600                absolutize
                0x00015870                mount
                0x00015bb0                unmount
                0x00015cf0                open
                0x00015e30                close
                0x00015f10                read
                0x00016020                write
                0x00016140                read_all
                0x00016290                write_all
                0x00016400                fsync
                0x000164e0                lseek
                0x000165c0                ftruncate
                0x000166a0                fstat
                0x000167b0                stat
                0x00016910                opendir
                0x00016a80                readdir
                0x00016bb0                rewinddir
                0x00016c90                closedir
                0x00016d70                mkdir
                0x00016eb0                unlink
                0x00016ec0                rmdir
                0x00016ee0                rename
                0x00017080                chdir
                0x000172e0                getcwd
                0x00017360                fd_session
                0x000174b0                dup2
                0x00017590                fd_wait
                0x00017670                get_mtab_list
 *fill*         0x000178ed        0x3 
 .text          0x000178f0      0x279 ../../lib/c/libc.a(canonify.o)
                0x000179e0                canonify
 *fill*         0x00017b69        0x7 
 .text          0x00017b70     0x2520 ../../lib/c/libc.a(socket_client.o)
                0x00018a30                sockets_add
                0x00018ad0                sockets_clear
                0x00018bb0                sockets_count
                0x00018bd0                sockets_destroy
                0x00018cb0                sockets_exclude
                0x00018d80                sockets_exclude_index
                0x00018df0                sockets_find
                0x00018e50                sockets_update
                0x00018ed0                sockets_get_index
                0x00018f20                sockets_initialize
                0x00018f80                sockets_is_valid
                0x00018fb0                sockets_item_destroy
                0x00019000                sockets_item_is_valid
                0x00019030                socket
                0x000194a0                bind
                0x000194d0                listen
                0x00019670                accept
                0x00019b90                connect
                0x00019bc0                closesocket
                0x00019d80                send
                0x00019db0                sendto
                0x00019e00                recv
                0x00019e30                recvfrom
                0x00019e90                getsockopt
                0x0001a070                setsockopt
 .text          0x0001a090       0x31 ../../lib/c/libc.a(stack.o)
                0x0001a090                stack_size_get
 *fill*         0x0001a0c1        0xf 
 .text          0x0001a0d0       0x5d ../../lib/c/libc.a(assert.o)
                0x0001a0d0                assert_abort
 *fill*         0x0001a12d        0x3 
 .text          0x0001a130       0x5b ../../lib/c/libc.a(syscall.o)
                0x0001a130                __syscall_slow
                0x0001a157                __syscall_fast
 *fill*         0x0001a18b        0x1 
 .text          0x0001a18c       0x4c ../../lib/c/libc.a(fibril.o)
                0x0001a18c                context_save
                0x0001a1b1                context_restore
 *fill*         0x0001a1d8        0x8 
 .text          0x0001a1e0       0x51 ../../lib/c/libc.a(tls.o)
                0x0001a1e0                __alloc_tls
                0x0001a1f0                __free_tls_arch
                0x0001a200                ___tls_get_addr
 *fill*         0x0001a231        0xf 
 .text          0x0001a240      0x503 ../../lib/c/libc.a(ddi.o)
                0x0001a240                device_assign_devno
                0x0001a290                physmem_map
                0x0001a2d0                dmamem_map
                0x0001a320                dmamem_map_anonymous
                0x0001a370                dmamem_unmap
                0x0001a3c0                dmamem_unmap_anonymous
                0x0001a410                pio_enable
                0x0001a500                pio_write_8
                0x0001a550                pio_write_16
                0x0001a5a0                pio_write_32
                0x0001a5f0                pio_read_8
                0x0001a630                pio_read_16
                0x0001a670                pio_read_32
                0x0001a6b0                irq_register
                0x0001a700                irq_unregister
 *fill*         0x0001a743        0xd 
 .text          0x0001a750      0x183 ../../lib/c/libc.a(as.o)
                0x0001a750                as_area_create
                0x0001a7a0                as_area_resize
                0x0001a7f0                as_area_destroy
                0x0001a840                as_area_change_flags
                0x0001a890                as_get_physical_mapping
 *fill*         0x0001a8d3        0xd 
 .text          0x0001a8e0      0x15a ../../lib/c/libc.a(clock_dev.o)
                0x0001a8e0                clock_dev_time_get
                0x0001a990                clock_dev_time_set
 *fill*         0x0001aa3a        0x6 
 .text          0x0001aa40       0x10 ../../lib/c/libc.a(errno.o)
                0x0001aa40                __errno
 .text          0x0001aa50     0x296b ../../lib/c/libc.a(loc.o)
                0x0001b130                loc_exchange_begin_blocking
                0x0001b330                loc_exchange_begin
                0x0001b420                loc_exchange_end
                0x0001b430                loc_server_register
                0x0001b670                loc_service_register_with_iface
                0x0001b840                loc_service_register
                0x0001ba10                loc_service_unregister
                0x0001bb80                loc_service_get_id
                0x0001bde0                loc_category_get_name
                0x0001be00                loc_service_get_name
                0x0001be20                loc_service_get_server_name
                0x0001be40                loc_namespace_get_id
                0x0001c0a0                loc_category_get_id
                0x0001c300                loc_id_probe
                0x0001c470                loc_service_connect
                0x0001c4b0                loc_null_create
                0x0001c620                loc_null_destroy
                0x0001c780                loc_service_add_to_cat
                0x0001c8f0                loc_count_namespaces
                0x0001ca60                loc_count_services
                0x0001cbd0                loc_get_namespaces
                0x0001ceb0                loc_get_services
                0x0001d190                loc_category_get_svcs
                0x0001d1b0                loc_get_categories
                0x0001d1d0                loc_register_cat_change_cb
 *fill*         0x0001d3bb        0x5 
 .text          0x0001d3c0      0x6d7 ../../lib/c/libc.a(mem.o)
                0x0001d3c0                memset
                0x0001d540                memcpy
                0x0001d730                memmove
                0x0001da60                bcmp
 *fill*         0x0001da97        0x9 
 .text          0x0001daa0     0x14bb ../../lib/c/libc.a(fibril_synch.o)
                0x0001dcb0                fibril_mutex_initialize
                0x0001dcd0                fibril_mutex_lock
                0x0001dda0                fibril_mutex_trylock
                0x0001ddf0                fibril_mutex_unlock
                0x0001df00                fibril_mutex_is_locked
                0x0001df40                fibril_rwlock_initialize
                0x0001df70                fibril_rwlock_read_lock
                0x0001e050                fibril_rwlock_write_lock
                0x0001e130                fibril_rwlock_read_unlock
                0x0001e190                fibril_rwlock_write_unlock
                0x0001e210                fibril_rwlock_is_read_locked
                0x0001e250                fibril_rwlock_is_write_locked
                0x0001e2b0                fibril_rwlock_is_locked
                0x0001e340                fibril_condvar_initialize
                0x0001e350                fibril_condvar_wait_timeout
                0x0001e920                fibril_condvar_wait
                0x0001e970                fibril_condvar_signal
                0x0001e9f0                fibril_condvar_broadcast
                0x0001ea80                fibril_timer_create
                0x0001eb00                fibril_timer_destroy
                0x0001ec80                fibril_timer_set
                0x0001edf0                fibril_timer_clear
 *fill*         0x0001ef5b        0x5 
 .text          0x0001ef60       0x28 ../../lib/c/libc.a(snprintf.o)
                0x0001ef60                snprintf
 *fill*         0x0001ef88        0x8 
 .text          0x0001ef90      0x108 ../../lib/c/libc.a(power_of_ten.o)
                0x0001ef90                get_power_of_ten
 *fill*         0x0001f098        0x8 
 .text          0x0001f0a0      0x36b ../../lib/c/libc.a(sysinfo.o)
                0x0001f0a0                sysinfo_get_keys
                0x0001f180                sysinfo_get_val_type
                0x0001f1e0                sysinfo_get_value
                0x0001f230                sysinfo_get_data
                0x0001f310                sysinfo_get_property
 *fill*         0x0001f40b        0x5 
 .text          0x0001f410      0xab0 ../../lib/c/libc.a(ipc.o)
                0x0001f550                ipc_call_async_fast
                0x0001f7a0                ipc_call_async_slow
                0x0001f980                ipc_answer_fast
                0x0001f9c0                ipc_answer_slow
                0x0001fa30                ipc_wait_cycle
                0x0001fb30                ipc_poke
                0x0001fb80                ipc_wait_for_call_timeout
                0x0001fc70                ipc_trywait_for_call
                0x0001fd70                ipc_hangup
                0x0001fdc0                ipc_forward_fast
                0x0001fe00                ipc_forward_slow
                0x0001fe70                ipc_connect_kbox
 .text          0x0001fec0      0x364 ../../lib/c/libc.a(ns.o)
                0x0001fec0                service_register
                0x0001ff20                service_connect
                0x0001ffa0                service_connect_blocking
                0x00020020                service_bind
                0x00020110                ns_ping
                0x000201a0                ns_intro
 *fill*         0x00020224        0xc 
 .text          0x00020230      0x2a1 ../../lib/c/libc.a(dynamic_fifo.o)
                0x00020230                dyn_fifo_initialize
                0x000202a0                dyn_fifo_push
                0x00020400                dyn_fifo_pop
                0x00020450                dyn_fifo_value
                0x00020490                dyn_fifo_destroy
 *fill*         0x000204d1        0xf 
 .text          0x000204e0       0x57 ../../lib/c/libc.a(stdlib.o)
                0x000204e0                random
                0x00020520                srandom
 *fill*         0x00020537        0x9 
 .text          0x00020540      0x139 ../../lib/c/libc.a(stacktrace.o)
                0x00020560                stacktrace_print_fp_pc
                0x000205e0                stacktrace_print
 *fill*         0x00020679        0x7 
 .text          0x00020680      0x1cf ../../lib/c/libc.a(pio_trace.o)
                0x00020680                pio_trace_log
                0x00020740                pio_trace_enable
                0x000207d0                pio_trace_disable
 *fill*         0x0002084f        0x1 
 .text          0x00020850       0x4a ../../lib/c/libc.a(stacktrace.o)
                0x00020850                stacktrace_fp_valid
                0x00020860                stacktrace_fp_prev
                0x00020880                stacktrace_ra_get
 *fill*         0x0002089a        0x2 
 .text          0x0002089c        0x8 ../../lib/c/libc.a(stacktrace_asm.o)
                0x0002089c                stacktrace_prepare
                0x0002089d                stacktrace_fp_get
                0x000208a0                stacktrace_pc_get
 *fill*         0x000208a4        0xc 
 .text          0x000208b0      0x8e2 ../../lib/softint/libsoftint.a(division.o)
                0x000208b0                __divsi3
                0x00020930                __divdi3
                0x00020a80                __udivsi3
                0x00020ad0                __udivdi3
                0x00020bc0                __modsi3
                0x00020c20                __moddi3
                0x00020d10                __umodsi3
                0x00020d50                __umoddi3
                0x00020de0                __divmodsi3
                0x00020e70                __udivmodsi3
                0x00020ee0                __divmoddi3
                0x00021090                __udivmoddi3
 *(.rodata .rodata.*)
 .rodata.str1.1
                0x00021192      0x380 nweb23.o
                                0x3a9 (size before relaxing)
 *fill*         0x00021512        0x2 
 .rodata.str1.4
                0x00021514      0x72e nweb23.o
 .rodata.str1.1
                0x00021c42       0x59 ../../lib/c/libc.a(str.o)
                                 0x64 (size before relaxing)
 *fill*         0x00021c9b        0x5 
 .rodata        0x00021ca0      0x140 ../../lib/c/libc.a(str.o)
 .rodata.str1.1
                0x00021de0       0x21 ../../lib/c/libc.a(task.o)
 .rodata.str1.1
                0x00021e01       0x88 ../../lib/c/libc.a(printf_core.o)
 *fill*         0x00021e89        0x3 
 .rodata.str1.4
                0x00021e8c       0x26 ../../lib/c/libc.a(printf_core.o)
 *fill*         0x00021eb2        0x2 
 .rodata        0x00021eb4      0x23d ../../lib/c/libc.a(printf_core.o)
 .rodata.str1.1
                0x000220f1       0xd7 ../../lib/c/libc.a(double_to_str.o)
                                 0xe6 (size before relaxing)
 .rodata.str1.4
                0x000221c8      0x1d1 ../../lib/c/libc.a(double_to_str.o)
 .rodata.str1.1
                0x00022399       0xf1 ../../lib/c/libc.a(malloc.o)
 *fill*         0x0002248a        0x2 
 .rodata.str1.4
                0x0002248c      0x162 ../../lib/c/libc.a(malloc.o)
 .rodata.str1.1
                0x000225ee       0x89 ../../lib/c/libc.a(async.o)
                                 0x98 (size before relaxing)
 *fill*         0x00022677        0x1 
 .rodata.str1.4
                0x00022678       0xd8 ../../lib/c/libc.a(async.o)
 .rodata.str1.1
                0x00000000        0x2 ../../lib/c/libc.a(loader.o)
 .rodata.str1.1
                0x00022750       0x5c ../../lib/c/libc.a(hash_table.o)
                                 0x60 (size before relaxing)
 .rodata.str1.4
                0x000227ac       0x99 ../../lib/c/libc.a(hash_table.o)
 .rodata.str1.1
                0x00022845      0x1eb ../../lib/c/libc.a(time.o)
                                0x20b (size before relaxing)
 *fill*         0x00022a30       0x10 
 .rodata        0x00022a40      0x32c ../../lib/c/libc.a(time.o)
 .rodata.str1.1
                0x00022d6c        0x8 ../../lib/c/libc.a(vfs.o)
                                  0x9 (size before relaxing)
 *fill*         0x00022d74        0xc 
 .rodata        0x00022d80       0xc0 ../../lib/c/libc.a(canonify.o)
 .rodata.str1.1
                0x00022e40       0x13 ../../lib/c/libc.a(stack.o)
 *fill*         0x00022e53        0x1 
 .rodata.str1.4
                0x00022e54       0x2e ../../lib/c/libc.a(assert.o)
 .rodata.str1.1
                0x00022e82       0x2a ../../lib/c/libc.a(loc.o)
 .rodata.str1.1
                0x00022eac       0x89 ../../lib/c/libc.a(fibril_synch.o)
 *fill*         0x00022f35        0x3 
 .rodata.str1.4
                0x00022f38       0xb3 ../../lib/c/libc.a(fibril_synch.o)
 .rodata.str1.1
                0x00022feb       0x17 ../../lib/c/libc.a(power_of_ten.o)
                                 0x1d (size before relaxing)
 *fill*         0x00023002        0x2 
 .rodata.str1.4
                0x00023004       0xa4 ../../lib/c/libc.a(power_of_ten.o)
 *fill*         0x000230a8       0x18 
 .rodata        0x000230c0      0x468 ../../lib/c/libc.a(power_of_ten.o)
 .rodata.str1.1
                0x00023528       0x24 ../../lib/c/libc.a(stacktrace.o)
 .rodata.str1.1
                0x0002354c       0x14 ../../lib/c/libc.a(pio_trace.o)
                                 0x17 (size before relaxing)
                0x00024560                . = (. + 0x1000)

.data           0x00024560      0x288
 *(.data)
 .data          0x00024560        0x0 /home/mt2012106/HelenOS/uspace/lib/c/arch/ia32/src/entry.o
 .data          0x00024560       0x60 nweb23.o
                0x00024560                extensions
 .data          0x000245c0        0x0 ../../lib/c/libc.a(libc.o)
 .data          0x000245c0        0x0 ../../lib/c/libc.a(str.o)
 .data          0x000245c0       0x1c ../../lib/c/libc.a(fibril.o)
 .data          0x000245dc        0x0 ../../lib/c/libc.a(pcb.o)
 .data          0x000245dc        0x0 ../../lib/c/libc.a(tls.o)
 .data          0x000245dc        0x0 ../../lib/c/libc.a(task.o)
 .data          0x000245dc        0x0 ../../lib/c/libc.a(futex.o)
 .data          0x000245dc        0x0 ../../lib/c/libc.a(asprintf.o)
 *fill*         0x000245dc        0x4 
 .data          0x000245e0       0xb8 ../../lib/c/libc.a(io.o)
 .data          0x00024698        0x0 ../../lib/c/libc.a(printf.o)
 .data          0x00024698        0x0 ../../lib/c/libc.a(klog.o)
 .data          0x00024698       0x10 ../../lib/c/libc.a(vprintf.o)
 .data          0x000246a8        0x0 ../../lib/c/libc.a(vsnprintf.o)
 .data          0x000246a8        0x0 ../../lib/c/libc.a(printf_core.o)
 .data          0x000246a8        0x0 ../../lib/c/libc.a(ieee_double.o)
 .data          0x000246a8        0x0 ../../lib/c/libc.a(double_to_str.o)
 .data          0x000246a8        0x4 ../../lib/c/libc.a(malloc.o)
 .data          0x000246ac       0x64 ../../lib/c/libc.a(async.o)
                0x000246ac                async_futex
 .data          0x00024710        0x0 ../../lib/c/libc.a(loader.o)
 .data          0x00024710        0x0 ../../lib/c/libc.a(hash_table.o)
 .data          0x00024710        0x0 ../../lib/c/libc.a(time.o)
 .data          0x00024710       0x24 ../../lib/c/libc.a(vfs.o)
 .data          0x00024734        0x0 ../../lib/c/libc.a(canonify.o)
 *fill*         0x00024734        0xc 
 .data          0x00024740       0x20 ../../lib/c/libc.a(socket_client.o)
 .data          0x00024760        0x0 ../../lib/c/libc.a(stack.o)
 .data          0x00024760        0x0 ../../lib/c/libc.a(assert.o)
 .data          0x00024760        0x4 ../../lib/c/libc.a(syscall.o)
                0x00024760                __syscall_fast_func
 .data          0x00024764        0x0 ../../lib/c/libc.a(fibril.o)
 .data          0x00024764        0x0 ../../lib/c/libc.a(tls.o)
 .data          0x00024764        0x0 ../../lib/c/libc.a(ddi.o)
 .data          0x00024764        0x0 ../../lib/c/libc.a(as.o)
 .data          0x00024764        0x0 ../../lib/c/libc.a(clock_dev.o)
 .data          0x00024764        0x0 ../../lib/c/libc.a(errno.o)
 .data          0x00024764       0x50 ../../lib/c/libc.a(loc.o)
 .data          0x000247b4        0x0 ../../lib/c/libc.a(mem.o)
 .data          0x000247b4        0x0 ../../lib/c/libc.a(fibril_synch.o)
 .data          0x000247b4        0x0 ../../lib/c/libc.a(snprintf.o)
 .data          0x000247b4        0x0 ../../lib/c/libc.a(power_of_ten.o)
 .data          0x000247b4        0x0 ../../lib/c/libc.a(sysinfo.o)
 .data          0x000247b4       0x14 ../../lib/c/libc.a(ipc.o)
                0x000247b4                queued_calls
                0x000247bc                dispatched_calls
 .data          0x000247c8        0x0 ../../lib/c/libc.a(ns.o)
 .data          0x000247c8        0x0 ../../lib/c/libc.a(dynamic_fifo.o)
 .data          0x000247c8        0x4 ../../lib/c/libc.a(stdlib.o)
 .data          0x000247cc        0x0 ../../lib/c/libc.a(stacktrace.o)
 .data          0x000247cc       0x1c ../../lib/c/libc.a(pio_trace.o)
 .data          0x000247e8        0x0 ../../lib/c/libc.a(stacktrace.o)
 .data          0x000247e8        0x0 ../../lib/c/libc.a(stacktrace_asm.o)
 .data          0x000247e8        0x0 ../../lib/softint/libsoftint.a(division.o)

.tdata          0x000247e8        0xc
                0x000247e8                _tdata_start = .
 *(.tdata)
 *(.gnu.linkonce.tb.*)
                0x000247e8                _tdata_end = .
                0x000247e8                _tbss_start = .
 *(.tbss)
 .tbss          0x000247e8        0x4 ../../lib/c/libc.a(fibril.o)
 .tbss          0x000247ec        0x4 ../../lib/c/libc.a(async.o)
 .tbss          0x000247f0        0x4 ../../lib/c/libc.a(errno.o)
                0x000247f4                _tbss_end = .
                0x00000004                _tls_alignment = ALIGNOF (.tdata)

.bss            0x00024800     0x5ff8
 *(.dynbss)
 *(COMMON)
 COMMON         0x00024800        0x8 nweb23.o
                0x00024800                tv
 COMMON         0x00024808        0x4 ../../lib/c/libc.a(pcb.o)
                0x00024808                __pcb
 COMMON         0x0002480c        0x4 ../../lib/c/libc.a(async.o)
                0x0002480c                session_ns
 *(.bss)
 .bss           0x00024810        0x0 /home/mt2012106/HelenOS/uspace/lib/c/arch/ia32/src/entry.o
 *fill*         0x00024810       0x10 
 .bss           0x00024820     0x5f40 nweb23.o
                0x00024820                fp
 .bss           0x0002a760        0x1 ../../lib/c/libc.a(libc.o)
 *fill*         0x0002a761        0x3 
 .bss           0x0002a764        0x4 ../../lib/c/libc.a(str.o)
 .bss           0x0002a768        0x8 ../../lib/c/libc.a(fibril.o)
 .bss           0x0002a770        0x0 ../../lib/c/libc.a(pcb.o)
 .bss           0x0002a770        0x0 ../../lib/c/libc.a(tls.o)
 .bss           0x0002a770        0x0 ../../lib/c/libc.a(task.o)
 .bss           0x0002a770        0x0 ../../lib/c/libc.a(futex.o)
 .bss           0x0002a770        0x0 ../../lib/c/libc.a(asprintf.o)
 .bss           0x0002a770        0xc ../../lib/c/libc.a(io.o)
                0x0002a770                stderr
                0x0002a774                stdout
                0x0002a778                stdin
 .bss           0x0002a77c        0x0 ../../lib/c/libc.a(printf.o)
 .bss           0x0002a77c        0x0 ../../lib/c/libc.a(klog.o)
 .bss           0x0002a77c        0x0 ../../lib/c/libc.a(vprintf.o)
 .bss           0x0002a77c        0x0 ../../lib/c/libc.a(vsnprintf.o)
 .bss           0x0002a77c        0x0 ../../lib/c/libc.a(printf_core.o)
 .bss           0x0002a77c        0x0 ../../lib/c/libc.a(ieee_double.o)
 .bss           0x0002a77c        0x0 ../../lib/c/libc.a(double_to_str.o)
 .bss           0x0002a77c        0xc ../../lib/c/libc.a(malloc.o)
 .bss           0x0002a788       0x3c ../../lib/c/libc.a(async.o)
                0x0002a788                threads_in_ipc_wait
 .bss           0x0002a7c4        0x0 ../../lib/c/libc.a(loader.o)
 .bss           0x0002a7c4        0x0 ../../lib/c/libc.a(hash_table.o)
 .bss           0x0002a7c4        0x8 ../../lib/c/libc.a(time.o)
                0x0002a7c4                ktime
 .bss           0x0002a7cc        0xc ../../lib/c/libc.a(vfs.o)
 .bss           0x0002a7d8        0x0 ../../lib/c/libc.a(canonify.o)
 .bss           0x0002a7d8        0x0 ../../lib/c/libc.a(socket_client.o)
 .bss           0x0002a7d8        0x4 ../../lib/c/libc.a(stack.o)
 .bss           0x0002a7dc        0x4 ../../lib/c/libc.a(assert.o)
 .bss           0x0002a7e0        0x0 ../../lib/c/libc.a(syscall.o)
 .bss           0x0002a7e0        0x0 ../../lib/c/libc.a(fibril.o)
 .bss           0x0002a7e0        0x0 ../../lib/c/libc.a(tls.o)
 .bss           0x0002a7e0        0x0 ../../lib/c/libc.a(ddi.o)
 .bss           0x0002a7e0        0x0 ../../lib/c/libc.a(as.o)
 .bss           0x0002a7e0        0x0 ../../lib/c/libc.a(clock_dev.o)
 .bss           0x0002a7e0        0x0 ../../lib/c/libc.a(errno.o)
 .bss           0x0002a7e0       0x15 ../../lib/c/libc.a(loc.o)
 *fill*         0x0002a7f5        0x3 
 .bss           0x0002a7f8        0x0 ../../lib/c/libc.a(mem.o)
 .bss           0x0002a7f8        0x0 ../../lib/c/libc.a(fibril_synch.o)
 .bss           0x0002a7f8        0x0 ../../lib/c/libc.a(snprintf.o)
 .bss           0x0002a7f8        0x0 ../../lib/c/libc.a(power_of_ten.o)
 .bss           0x0002a7f8        0x0 ../../lib/c/libc.a(sysinfo.o)
 .bss           0x0002a7f8        0x0 ../../lib/c/libc.a(ipc.o)
 .bss           0x0002a7f8        0x0 ../../lib/c/libc.a(ns.o)
 .bss           0x0002a7f8        0x0 ../../lib/c/libc.a(dynamic_fifo.o)
 .bss           0x0002a7f8        0x0 ../../lib/c/libc.a(stdlib.o)
 .bss           0x0002a7f8        0x0 ../../lib/c/libc.a(stacktrace.o)
 .bss           0x0002a7f8        0x0 ../../lib/c/libc.a(pio_trace.o)
 .bss           0x0002a7f8        0x0 ../../lib/c/libc.a(stacktrace.o)
 .bss           0x0002a7f8        0x0 ../../lib/c/libc.a(stacktrace_asm.o)
 .bss           0x0002a7f8        0x0 ../../lib/softint/libsoftint.a(division.o)

/DISCARD/
 *(*)
LOAD nweb23.o
LOAD ../../lib/c/libc.a
LOAD ../../lib/softint/libsoftint.a
OUTPUT(nweb elf32-i386)
